oxDNA AND "DNA origami" AND twist                              15 hits
"coarse-grained" AND "DNA origami" AND "structural properties" 15 hits
oxDNA AND origami AND "square lattice"                         15 hits
"molecular dynamics" AND "DNA origami" AND "all-atom"          15 hits
"DNA origami" AND "in situ structure" AND "molecular dynamics" 7 hits
mrdna OR "multi-resolution" AND "DNA origami" AND simulation   11 hits
"cryo-electron microscopy" AND "DNA origami" AND lattice       15 hits
"DNA origami" AND "cryo-EM" AND "interhelical distance"        5 hits
"DNA origami" AND "global twist"                               15 hits
"DNA nanostructure" AND twist AND "base pairs per turn" AND de 1 hits
"DNA origami" AND "twist correction"                           9 hits
"twisted and curved" AND DNA AND nanoscale                     15 hits
"DNA nanotube" AND corrugation AND lattice                     0 hits
"DNA lattice" AND corrugation AND tube                         2 hits
"DNA nanotube" AND circumference AND "helix"                   13 hits
"DNA origami" AND edge AND "strain" AND relief                 15 hits
"DNA origami" AND seam AND strain AND crossover                10 hits
"scaffold crossover" AND strain AND angle                      7 hits
"Holliday junction" AND "interduplex angle" AND antiparallel   6 hits
"double crossover" AND "inter-helix angle" AND measurement     1 hits
unique records: 156 over 20 queries
