HITS 1      "DNA origami" AND "canonical DNA geometry"
   PMC2731887   2009   Rapid prototyping of 3D DNA-origami shapes with caDNAno.
HITS 11     "DNA origami" AND "lattice-free" AND crossover
   PMC9788767   2022   Automated design of 3D DNA origami with non-rasterized 2D curvature.
   PMC9232119   2021   Design Approaches and Computational Tools for DNA Nanostructures.
   PMC10625641  2023   A computational model for structural dynamics and reconfiguration of DNA assemblies.
   PMC8071251   2021   The Art of Designing DNA Nanostructures with CAD Software.
   PMC7221932   2020   Increasing Complexity in Wireframe DNA Nanostructures.
   PMC7229838   2020   MrDNA: a multi-resolution model for predicting the structure and dynamics of DNA systems.
   PMC6976304   2020   Building machines with DNA molecules.
   PMC5499760   2017   Structure and conformational dynamics of scaffolded DNA origami nanoparticles.
   PMC8789063   2022   Computational investigation of the impact of core sequence on immobile DNA four-way junction structure and dyn
   PMC4268701   2014   Lattice-free prediction of three-dimensional structure of programmed DNA assemblies.
   PMC7337935   2020   Design, optimization and analysis of large DNA and RNA nanostructures through interactive visualization, editi
HITS 0      "DNA origami" AND "arbitrary crossover"
HITS 6      "DNA origami" AND "crossover" AND "structural consequences"
   PMC10210531  2023   Triple-Stranded DNA As a Structural Element in DNA Origami.
   PMC8223477   2021   Cryo-Electron Microscopy and Mass Analysis of Oligolysine-Coated DNA Nanostructures.
   PMC2731887   2009   Rapid prototyping of 3D DNA-origami shapes with caDNAno.
   PMC7080123   2017   Abstracts
   PMC6767941   2019   Award Winners and Abstracts of the 33rd Annual Symposium of The Protein Society; Seattle, Washington, June 30-
   PMC7080017   2011   Abstracts of the 8th EBSA (European Biophysical Societies Association) European Biophysics Congress. August 23
HITS 1      "DNA origami" AND "non-lattice" AND crossover
   PMC7276390   2020   <i>In silico</i> modelling of DNA nanostructures.
HITS 10     caDNAno AND gallery AND yield
   -            2026   A computational framework for designing micron-scale crisscross DNA megastructures
   PMC10371015  2023   Versatile computer-aided design of free-form DNA nanostructures and assemblies.
   PMC9127610   2022   Direct visualization of floppy two-dimensional DNA origami using cryogenic electron microscopy.
   PMC11132032  2024   Construction of Reconfigurable and Polymorphic DNA Origami Assemblies with Coiled-Coil Patches and Patterns.
   PMC4520187   2015   Meshing complex macro-scale objects into self-assembling bricks.
   PMC6884410   2019   DNA-assembled nanoarchitectures with multiple components in regulated and coordinated motion.
   PMC9048690   2022   High-Force Application by a Nanoscale DNA Force Spectrometer.
   PMC8823280   2021   Understanding Förster Resonance Energy Transfer in the Sheet Regime with DNA Brick-Based Dye Networks.
   PMC2731887   2009   Rapid prototyping of 3D DNA-origami shapes with caDNAno.
   PMC7895908   2021   DNA origami signposts for identifying proteins on cell membranes by electron cryotomography.
HITS 3      "DNA origami" AND "crossover" AND "off-lattice"
   PMC7229838   2020   MrDNA: a multi-resolution model for predicting the structure and dynamics of DNA systems.
   PMC7727707   2020   Insights into the Structure and Energy of DNA Nanoassemblies.
   PMC10643713  2023   The 7th Congress of Biophysicists of Russia - conference proceedings : Abstracts
HITS 18     "DNA origami" AND crossover AND "folding efficiency"
   PMC13147996  2026   Bioproduction of ∼10 knt single-stranded DNA for constructing large DNA origami structures.
   PMC12730752  2025   Comprehensive Review on DNA Hydrogels and DNA Origami-Enabled Wearable and Implantable Biosensors.
   PMC12696799  2025   Unraveling the Folding Dynamics of DNA Origami Structures.
   PMC12143421  2025   Isothermal assembly of DNA nanostructures.
   PMC12669765  2025   PyFuRNAce: an integrated design engine for RNA origami.
   PMC13109936  2025   Counterions influence the isothermal self-assembly of DNA nanostructures.
   PMC10210531  2023   Triple-Stranded DNA As a Structural Element in DNA Origami.
   PMC11067225  2024   Folding molecular origami from ribosomal RNA.
   PMC11261746  2024   Dominant Analytical Techniques in DNA Nanotechnology for Various Applications.
   PMC10093432  2023   DNA-Based Nanomaterials as Drug Delivery Platforms for Increasing the Effect of Drugs in Tumors.
   PMC6679942   2019   Automated Sequence Design of 3D Polyhedral Wireframe DNA Origami with Honeycomb Edges.
   PMC6314877   2019   Autonomously designed free-form 2D DNA origami.
   PMC4394657   2015   Light sensitization of DNA nanostructures via incorporation of photo-cleavable spacers.
   PMC3319874   2011   Organizing DNA origami tiles into larger structures using preformed scaffold frames.
   PMC6214983   2018   Programming molecular topologies from single-stranded nucleic acids.
   PMC2821935   2009   Multilayer DNA origami packed on a square lattice.
   PMC7080123   2017   Abstracts
   PMC11618884  2024   Special issue title: The Protein Society 38th Annual Symposium, July 2024, Vancouver, Canada.
