HITS 12     "DNA origami" AND "torsional strain" AND yield
   PMC13213838  2026   Classifying Multistate DNA Origami: An Automated Approach with Minimal Labeling and Confidence-Based Filtering
   PMC12691925  2025   DNA‑Directed Assembly of Photonic Nanomaterials for Diagnostic and Therapeutic Applications.
   PMC9986268   2023   A single strand: A simplified approach to DNA origami.
   PMC11087804  2024   Engineering tertiary chirality in helical biopolymers.
   PMC10873200  2024   A rhythmically pulsing leaf-spring DNA-origami nanoengine that drives a passive follower.
   PMC6326809   2019   Investigating the sequence-dependent mechanical properties of DNA nicks for applications in twisted DNA nanost
   PMC3957201   2012   Two design strategies for enhancement of multilayer-DNA-origami folding: underwinding for specific intercalato
   PMC4377546   2015   Tuning myosin-driven sorting on cellular actin networks.
   PMC6561745   2019   Submicrometer elasticity of double-stranded DNA revealed by precision force-extension measurements with magnet
   PMC4415482   2015   Poorly understood aspects of striated muscle contraction.
   PMC8272448   2021   13<sup>th</sup> EBSA congress, July 24-28, 2021, Vienna, Austria.
   PMC4207370   2014   Close encounters with DNA.
HITS 0      "DNA origami" AND "design rule" AND violation
HITS 52     "DNA origami" AND "crossover" AND "thermal stability" AND melting
   PMC13014259  2026   Left-Handed Helices in DNA Nanotechnology.
   PMC13255533  2026   Tools For Building Artificial Biological Nanostructures.
   PMC12907558  2026   Complex cooperativity in DNA origami revealed via design-dependent defectivity.
   PMC12614193  2025   Controlled Reassociation of Multistranded, Polycrossover DNA Molecules into Double Helices.
   PMC12182888  2025   Folding Competition and Dynamic Transformation in DNA Origami: Parallel Versus Antiparallel Crossovers.
   PMC12899278  2026   Omega Nucleic Acids (ΩNA), Ultimate Nucleic Acids for Future Technology.
   PMC12822630  2026   Expanding DNA alphabet adds a previously unknown dimension to nanostructures.
   PMC13042906  2026   Design and Characterization of DX-Tile DNA Nanostar-Based Hydrogels.
   PMC13109936  2025   Counterions influence the isothermal self-assembly of DNA nanostructures.
   PMC12979619  2026   Advances and challenges in non-canonical nucleic acids data storage.
   PMC11747590  2025   Radiation and DNA Origami Nanotechnology: Probing Structural Integrity at the Nanoscale.
   PMC12120987  2025   Vertical DNA Nanostructure Arrays: Facilitating Functionalization on Macro-Scale Surfaces.
   PMC11067225  2024   Folding molecular origami from ribosomal RNA.
   PMC11110055  2024   Barium Concentration-Dependent Anomalous Electrophoresis of Synthetic DNA Motifs.
   PMC12120994  2025   Nanotubes Growth by Self-Assembly of DNA Strands at Room Temperature.
   PMC8373134   2021   Stabilization and structural changes of 2D DNA origami by enzymatic ligation.
   PMC13284720  2026   Stable and programmable formation of DNA nanostructures via inter-strand crosslinking by assembly-triggered ox
   PMC11100008  2024   Functionalizing DNA Origami by Triplex-Directed Site-Specific Photo-Cross-Linking.
   PMC9853507   2023   Advancing the Utility of DNA Origami Technique through Enhanced Stability of DNA-Origami-Based Assemblies.
   PMC10376919  2023   RNA origami: design, simulation and application.
   PMC7727707   2020   Insights into the Structure and Energy of DNA Nanoassemblies.
   PMC8945906   2022   DNA-Based Biosensors for the Biochemical Analysis: A Review.
   PMC11613775  2024   Strategies to Reduce Promoter-Independent Transcription of DNA Nanostructures and Strand Displacement Complexe
   PMC9869343   2023   Nucleic acid nanostructures for <i>in vivo</i> applications: The influence of morphology on biological fate.
   PMC10179628  2023   DNA Materials Assembled from One DNA Strand.
HITS 10     "DNA origami" AND "21 base pairs" AND crossover
   PMC13014259  2026   Left-Handed Helices in DNA Nanotechnology.
   PMC9232119   2021   Design Approaches and Computational Tools for DNA Nanostructures.
   PMC10103138  2023   Recent Advances in DNA Origami-Engineered Nanomaterials and Applications.
   PMC12315992  2025   Tunable and robust optical and structural properties of a cooperative squaraine-dye aggregate-DNA DX-DAE tile 
   PMC6746594   2019   Bioapplications of DNA nanotechnology at the solid-liquid interface.
   PMC4945425   2016   DNA Origami: Folded DNA-Nanodevices That Can Direct and Interpret Cell Behavior.
   PMC10279742  2023   Structure and dynamics of an archetypal DNA nanoarchitecture revealed via cryo-EM and molecular dynamics simul
   PMC2688462   2009   Self-assembly of DNA into nanoscale three-dimensional shapes.
   PMC2731887   2009   Rapid prototyping of 3D DNA-origami shapes with caDNAno.
   PMC5645730   2015   Thermodynamics and kinetics of DNA nanotube polymerization from single-filament measurements.
HITS 4      "DNA origami" AND "seven base pairs" AND crossover
   PMC10093432  2023   DNA-Based Nanomaterials as Drug Delivery Platforms for Increasing the Effect of Drugs in Tumors.
   PMC5814798   2018   A coarse-grained model for DNA origami.
   PMC2731887   2009   Rapid prototyping of 3D DNA-origami shapes with caDNAno.
   PMC7080017   2011   Abstracts of the 8th EBSA (European Biophysical Societies Association) European Biophysics Congress. August 23
HITS 8      "DNA origami" AND "overwound" AND yield
   PMC11419732  2021   DNA Origami Design: A How-To Tutorial.
   -            2025   The Effects of DMSO on DNA Conformations and Mechanics
   PMC5924453   2018   Vesicle Tubulation with Self-Assembling DNA Nanosprings.
   PMC4945425   2016   DNA Origami: Folded DNA-Nanodevices That Can Direct and Interpret Cell Behavior.
   PMC3957201   2012   Two design strategies for enhancement of multilayer-DNA-origami folding: underwinding for specific intercalato
   PMC2821935   2009   Multilayer DNA origami packed on a square lattice.
   PMC4872871   2013   Design space for complex DNA structures.
   PMC4207370   2014   Close encounters with DNA.
HITS 4      "DNA nanostructure" AND "junction" AND distortion AND "coarse-grained"
   PMC4268701   2014   Lattice-free prediction of three-dimensional structure of programmed DNA assemblies.
   PMC8272448   2021   13<sup>th</sup> EBSA congress, July 24-28, 2021, Vienna, Austria.
   PMC7080123   2017   Abstracts
   PMC2304035   2003   47th Annual Meeting March 1-5, 2003 Henry B. Gonzalez Convention Center, San Antonio, Texas : Monday Posters, 
HITS 2      "DNA origami" AND "crossover" AND "local strain"
   -            2026   Programmable Edge-to-Edge Assembly of RNA Nanostructures
   PMC10395309  2023   Mechanics of dynamic and deformable DNA nanostructures.
