HITS 14     "DNA origami" AND "base pairs per turn" AND yield
   PMC9127610   2022   Direct visualization of floppy two-dimensional DNA origami using cryogenic electron microscopy.
   PMC7718922   2020   Revealing the structures of megadalton-scale DNA complexes with nucleotide resolution.
   PMC9869343   2023   Nucleic acid nanostructures for <i>in vivo</i> applications: The influence of morphology on biological fate.
   PMC9164479   2022   Interfacing DNA nanotechnology and biomimetic photonic complexes: advances and prospects in energy and biomedi
   PMC7603033   2020   Bottom-Up Self-Assembly Based on DNA Nanotechnology.
   PMC11419732  2021   DNA Origami Design: A How-To Tutorial.
   PMC8799870   2022   Pharmaceutical applications of framework nucleic acids.
   PMC7979912   2021   Robust nucleation control via crisscross polymerization of highly coordinated DNA slats.
   PMC5835357   2015   Electron Microscopic Visualization of Protein Assemblies on Flattened DNA Origami.
   PMC3843647   2012   Three-dimensional structures self-assembled from DNA bricks.
   PMC4767025   2016   DNA-based control of protein activity.
   PMC2731887   2009   Rapid prototyping of 3D DNA-origami shapes with caDNAno.
   PMC3328352   2011   DNA origami: a quantum leap for self-assembly of complex structures.
   PMC6214983   2018   Programming molecular topologies from single-stranded nucleic acids.
HITS 28     "DNA origami" AND insertions AND deletions AND twist AND yield
   PMC12704796  2025   From toroids to helical tubules: Kirigami-inspired programmable assembly of two-periodic curved crystals from 
   PMC11814417  2025   Fully addressable designer superstructures assembled from one single modular DNA origami.
   PMC10371787  2023   Reverse engineering DNA origami nanostructure designs from raw scaffold and staple sequence lists.
   PMC11999466  2025   DNA storage: The future direction for medical cold data storage.
   PMC8643692   2021   Modulating the chemo-mechanical response of structured DNA assemblies through binding molecules.
   PMC9706676   2022   Emerging Approaches to DNA Data Storage: Challenges and Prospects.
   PMC7718922   2020   Revealing the structures of megadalton-scale DNA complexes with nucleotide resolution.
   PMC7603033   2020   Bottom-Up Self-Assembly Based on DNA Nanotechnology.
   PMC9130510   2022   Integrating CRISPR/Cas systems with programmable DNA nanostructures for delivery and beyond.
   PMC6992424   2019   Custom-Size, Functional, and Durable DNA Origami with Design-Specific Scaffolds.
   PMC9232119   2021   Design Approaches and Computational Tools for DNA Nanostructures.
   PMC5924453   2018   Vesicle Tubulation with Self-Assembling DNA Nanosprings.
   PMC6679942   2019   Automated Sequence Design of 3D Polyhedral Wireframe DNA Origami with Honeycomb Edges.
   PMC8266620   2021   Chemical and photochemical error rates in light-directed synthesis of complex DNA libraries.
   PMC3957201   2012   Two design strategies for enhancement of multilayer-DNA-origami folding: underwinding for specific intercalato
   PMC4442581   2015   Engineering artificial machines from designable DNA materials for biomedical applications.
   PMC6018234   2018   Simultaneous and stoichiometric purification of hundreds of oligonucleotides.
   PMC2916953   2010   Knitting complex weaves with DNA origami.
   PMC3599551   2013   DNA nanotechnology: a future perspective.
   PMC12155586  2025   EACR 2025 Congress: Innovative Cancer Science, 16-19 June 2025.
   PMC6778821   2019   Abstracts from the 51st European Society of Human Genetics Conference: Oral Presentations
   PMC10643713  2023   The 7th Congress of Biophysicists of Russia - conference proceedings : Abstracts
   PMC8251645   2021   Posters
   PMC6610278   2019   Posters
   PMC10902613  2024   Abstracts
HITS 1      TITLE:"Multilayer DNA origami packed on hexagonal and hybrid lattices"
   PMC3336742   2012   Multilayer DNA origami packed on hexagonal and hybrid lattices.
HITS 20     "Holliday junction" AND "DNA origami" AND "free energy" AND simulation
   PMC12215181  2025   Modulating transformation of DNA origami nanoarray via sequence design.
   PMC12447554  2025   Overcoming the Speed Limit of Four-Way DNA Branch Migration with Bulges in Toeholds.
   PMC11001925  2024   Mechanism of DNA origami folding elucidated by mesoscopic simulations.
   PMC9245350   2022   Probing the Mechanical Properties of DNA Nanostructures with Metadynamics.
   PMC11643833  2024   Recent Advances in DNA Origami-Enabled Optical Biosensors for Multi-Scenario Application.
   PMC8966688   2021   DNA origami nano-mechanics.
   PMC7927625   2021   Chiral Systems Made from DNA.
   PMC9232119   2021   Design Approaches and Computational Tools for DNA Nanostructures.
   PMC6379721   2019   Coarse-grained modelling of the structural properties of DNA origami.
   PMC10395309  2023   Mechanics of dynamic and deformable DNA nanostructures.
   PMC10103138  2023   Recent Advances in DNA Origami-Engineered Nanomaterials and Applications.
   PMC10642627  2023   Pursuing excitonic energy transfer with programmable DNA-based optical breadboards.
   PMC7467825   2020   Robotic DNA Nanostructures.
   PMC8789063   2022   Computational investigation of the impact of core sequence on immobile DNA four-way junction structure and dyn
   PMC7883235   2021   DNA Transformations for Diagnosis and Therapy.
   PMC7337935   2020   Design, optimization and analysis of large DNA and RNA nanostructures through interactive visualization, editi
   PMC7375253   2020   Dynamic DNA Assemblies in Biomedical Applications.
   PMC4805665   2016   DNA Nanotechnology for Cancer Therapy.
   PMC5861442   2018   Structure and electrical properties of DNA nanotubes embedded in lipid bilayer membranes.
   PMC9667922   2022   Activating charge-transfer state formation in strongly-coupled dimers using DNA scaffolds.
HITS 11     "DNA origami" AND "strain energy" AND crossover
   PMC13083967  2026   KIMMDY: a biomolecular reaction emulator.
   PMC11291742  2024   Predicting the effect of binding molecules on the shape and mechanical properties of structured DNA assemblies
   PMC12070894  2025   Generation of topologically defined linear and cyclic DNA bottle brush polymers &lt;i&gt;via&lt;/i&gt; a graft
   PMC9232119   2021   Design Approaches and Computational Tools for DNA Nanostructures.
   PMC8405678   2021   Programming ultrasensitive threshold response through chemomechanical instability.
   PMC5727162   2017   Polymorphic design of DNA origami structures through mechanical control of modular components.
   PMC12175961  2019   Force Generated by Two Kinesin Motors Depends on the Load Direction and Intermolecular Coupling.
   PMC3957201   2012   Two design strategies for enhancement of multilayer-DNA-origami folding: underwinding for specific intercalato
   PMC8880259   2021   Equilibrium mechanisms of self-limiting assembly.
   PMC10643713  2023   The 7th Congress of Biophysicists of Russia - conference proceedings : Abstracts
   PMC10902613  2024   Abstracts
HITS 1      "DNA nanostructure" AND "geometric frustration"
   PMC12833626  2026   Coarse-Grained Modeling and Simulation of Multistranded RNA Nanostars.
HITS 8      "DNA origami" AND "crossover position" AND yield
   PMC9950468   2023   Gene-encoding DNA origami for mammalian cell expression.
   PMC10144338  2023   Unravelling the Drug Encapsulation Ability of Functional DNA Origami Nanostructures: Current Understanding and
   PMC11419732  2021   DNA Origami Design: A How-To Tutorial.
   PMC6976304   2020   Building machines with DNA molecules.
   PMC9872083   2023   3D RNA-scaffolded wireframe origami.
   -            2022   High-resolution structures and conformational dynamics of RNA origami during folding
   PMC6384012   2017   Single-stranded DNA and RNA origami.
   PMC10566746  2023   Structure, folding and flexibility of co-transcriptional RNA origami.
HITS 5540   "DNA origami" AND "unconventional crossover" OR "irregular crossover"
   -            2026   Programmable Functional Silicification of DNA Origami Nanostructures.
   -            2026   Magnetic DNA Origami Nanorotors.
   PMC13285921  2026   DNA origami-based drug delivery and cell manipulation: toward intelligent nanomedicine.
   -            2026   From Bench to Chip: Microfluidic Integration for Scalable DNA Origami Manufacturing and Actuation.
   -            2026   A programmable DNA origami nanosyringe for directed membrane translocation.
   -            2026   DNA Origami Microstructures as Biomimetic Scaffolds for Calcium Phosphate Mineralization.
   -            2026   Automated design of stiffness-tunable DNA origami hollowframes for self-assembling metamaterials
   -            2026   DNA origami as a biomaterials platform for programming ligand-receptor interactions and cell fate.
   -            2026   In vivo translation of DNA origami: a virus-like particle design framework.
   -            2026   DNA Origami-Based Multivalent Nanobody Display Platform for Potent Neutralization of Botulinum Neurotoxin Type
   -            2026   DNA Origami Nanomechanical Amplifiers for Resolving Single-Molecule Binding Events
   -            2026   Defect Engineering of DNA Origami ROS Sensors for Portable Urinalysis.
   PMC13291873  2026   Suppression of Aggregation Enhances Placement Fidelity of Asymmetrical Right Triangle DNA Origami.
   -            2026   Single-Molecule Detection Concepts Enabled by DNA Origami.
   -            2026   From Blueprint to Breakthrough: How Far Can We Fold DNA Origami for Nano-Enabled Technologies?
   -            2026   Directing Assembly of Mesoscale Multi-Shell Morphologies of DNA Origami Crystals.
   -            2026   Dorsal Root Ganglion-Targeted DNA Origami Delivery of IL1RN for Skeletal Growth and Repair.
   -            2026   Hierarchical Assembly of Multilayer Core-Shell DNA Origami Crystals.
   -            2026   Organizing Large GTPase Atlastin-Mediated Membrane Fusion by Programmable DNA Origami Platforms.
   -            2026   Dye-cycling DNA origami rotors for long-term tracking of transcription at base-pair resolution.
   PMC13204131  2026   DNA Origami and Their Application in Biosensors.
   PMC13258996  2026   Dynamic DNA Nanomachines for Biosensing and Drug Delivery.
   -            2026   Neuronal recordings with DNA origami.
   -            2026   Vancomycin-Mediated Binding of DNA Origami Nanostructures to Gram-Positive and Gram-Negative Bacteria.
   -            2026   DNA origami snaps into place.
